Archive member included to satisfy reference by file (symbol)

/opt/riscv32i/lib/gcc/riscv32-unknown-elf/14.2.0/libgcc.a(muldi3.o)
                              core_main.o (__mulsi3)
/opt/riscv32i/lib/gcc/riscv32-unknown-elf/14.2.0/libgcc.a(div.o)
                              barebones/ee_printf.o (__divsi3)

There are no discarded input sections

Memory Configuration

Name             Origin             Length             Attributes
RAM              0x00000000         0x00008000         xrw
*default*        0x00000000         0xffffffff

Linker script and memory map

LOAD /opt/riscv32i/lib/gcc/riscv32-unknown-elf/14.2.0/libgcc.a
LOAD startup.o
LOAD core_list_join.o
LOAD core_main.o
LOAD core_matrix.o
LOAD core_state.o
LOAD core_util.o
LOAD barebones/core_portme.o
LOAD barebones/ee_printf.o
LOAD /opt/riscv32i/lib/gcc/riscv32-unknown-elf/14.2.0/libgcc.a
START GROUP
LOAD /opt/riscv32i/lib/gcc/riscv32-unknown-elf/14.2.0/../../../../riscv32-unknown-elf/lib/libc.a
LOAD /opt/riscv32i/lib/gcc/riscv32-unknown-elf/14.2.0/../../../../riscv32-unknown-elf/lib/libgloss.a
END GROUP
LOAD /opt/riscv32i/lib/gcc/riscv32-unknown-elf/14.2.0/libgcc.a
                0x00000000                        . = ORIGIN (RAM)

.text           0x00000000     0x5780
 *startup.o(.text)
 .text          0x00000000       0xb0 startup.o
                0x00000000                _start
 *(.text)
 .text          0x000000b0      0xf90 core_list_join.o
                0x000000b0                calc_func
                0x000001d0                cmp_complex
                0x000003bc                cmp_idx
                0x00000418                copy_info
                0x0000042c                core_bench_list
                0x00000a14                core_list_init
                0x00000d64                core_list_insert_new
                0x00000dc4                core_list_remove
                0x00000dec                core_list_undo_remove
                0x00000e0c                core_list_find
                0x00000e60                core_list_reverse
                0x00000e84                core_list_mergesort
 .text          0x00001040       0xc0 core_main.o
                0x00001040                iterate
 .text          0x00001100      0xc48 core_matrix.o
                0x00001100                matrix_test
                0x00001680                core_bench_matrix
                0x000016bc                core_init_matrix
                0x0000189c                matrix_sum
                0x00001930                matrix_mul_const
                0x00001a04                matrix_add_const
                0x00001a50                matrix_mul_vect
                0x00001b1c                matrix_mul_matrix
                0x00001c28                matrix_mul_matrix_bitextract
 .text          0x00001d48      0x800 core_state.o
                0x00001d48                core_init_state
                0x00002040                core_state_transition
                0x00002328                core_bench_state
 .text          0x00002548      0xadc core_util.o
                0x00002548                get_seed_32
                0x000025ac                crcu8
                0x000026d4                crcu16
                0x00002920                crcu32
                0x00002dc8                crc16
                0x0000301c                check_data_types
 .text          0x00003024       0xa8 barebones/core_portme.o
                0x00003024                barebones_clock
                0x00003030                start_time
                0x00003044                stop_time
                0x00003058                get_time
                0x00003070                time_in_secs
                0x00003090                portable_init
                0x000030c4                portable_fini
 .text          0x000030cc     0x1ccc barebones/ee_printf.o
                0x00003778                delay_me
                0x000037a4                delay_cycles
                0x000037d4                send_char
                0x000037e0                ee_printf
 .text          0x00004d98       0x24 /opt/riscv32i/lib/gcc/riscv32-unknown-elf/14.2.0/libgcc.a(muldi3.o)
                0x00004d98                __mulsi3
 .text          0x00004dbc       0xb4 /opt/riscv32i/lib/gcc/riscv32-unknown-elf/14.2.0/libgcc.a(div.o)
                0x00004dbc                __divsi3
                0x00004dc4                __hidden___udivsi3
                0x00004dc4                __udivsi3
                0x00004e0c                __umodsi3
                0x00004e40                __modsi3
 *(.text.*)
 .text.startup  0x00004e70      0x910 core_main.o
                0x00004e70                main

.rodata         0x00005780      0x793
 *(.rodata)
 .rodata        0x00005780       0x40 core_state.o
 .rodata        0x000057c0       0x18 core_util.o
 .rodata        0x000057d8      0x204 barebones/ee_printf.o
 *(.rodata.*)
 .rodata.str1.4
                0x000059dc      0x537 core_main.o
                                0x3fe (size before relaxing)
 .rodata.str1.4
                0x00005f13       0xad core_state.o
 .rodata.str1.4
                0x00005f13       0x34 barebones/core_portme.o
 .rodata.str1.4
                0x00005f13       0x57 barebones/ee_printf.o
 *(.srodata)
 *(.srodata.*)

.rela.dyn       0x00005f14        0x0
 .rela.text     0x00005f14        0x0 startup.o

.data           0x00005f14       0x24
 *(.data)
 .data          0x00005f14        0x0 startup.o
 .data          0x00005f14        0x0 core_list_join.o
 .data          0x00005f14        0xc core_main.o
                0x00005f14                mem_name
 .data          0x00005f20        0x0 core_matrix.o
 .data          0x00005f20        0x0 core_state.o
 .data          0x00005f20        0x0 core_util.o
 .data          0x00005f20        0x0 barebones/core_portme.o
 .data          0x00005f20        0x0 barebones/ee_printf.o
 .data          0x00005f20        0x0 /opt/riscv32i/lib/gcc/riscv32-unknown-elf/14.2.0/libgcc.a(muldi3.o)
 .data          0x00005f20        0x0 /opt/riscv32i/lib/gcc/riscv32-unknown-elf/14.2.0/libgcc.a(div.o)
 *(.data.*)
 *(.sdata)
 .sdata         0x00005f20       0x18 barebones/core_portme.o
                0x00005f20                default_num_contexts
                0x00005f24                seed5_volatile
                0x00005f28                seed4_volatile
                0x00005f2c                seed3_volatile
                0x00005f30                seed2_volatile
                0x00005f34                seed1_volatile
 *(.sdata.*)

.bss            0x00005f38        0x8
                0x00005f38                        _sbss = .
 *(.bss)
 .bss           0x00005f38        0x0 startup.o
 .bss           0x00005f38        0x0 core_list_join.o
 .bss           0x00005f38        0x0 core_main.o
 .bss           0x00005f38        0x0 core_matrix.o
 .bss           0x00005f38        0x0 core_state.o
 .bss           0x00005f38        0x0 core_util.o
 .bss           0x00005f38        0x0 barebones/core_portme.o
 .bss           0x00005f38        0x0 barebones/ee_printf.o
 .bss           0x00005f38        0x0 /opt/riscv32i/lib/gcc/riscv32-unknown-elf/14.2.0/libgcc.a(muldi3.o)
 .bss           0x00005f38        0x0 /opt/riscv32i/lib/gcc/riscv32-unknown-elf/14.2.0/libgcc.a(div.o)
 *(.bss.*)
 *(.sbss)
 .sbss          0x00005f38        0x8 barebones/core_portme.o
 *(.sbss.*)
 *(COMMON)
                0x00005f40                        _ebss = .
                0x00008000                        _stack_top = ((ORIGIN (RAM) + LENGTH (RAM)) & 0xfffffffffffffff0)
OUTPUT(coremark.elf elf32-littleriscv)

.riscv.attributes
                0x00000000       0x1c
 .riscv.attributes
                0x00000000       0x1a startup.o
 .riscv.attributes
                0x0000001a       0x1c core_list_join.o
 .riscv.attributes
                0x00000036       0x1c core_main.o
 .riscv.attributes
                0x00000052       0x1c core_matrix.o
 .riscv.attributes
                0x0000006e       0x1c core_state.o
 .riscv.attributes
                0x0000008a       0x1c core_util.o
 .riscv.attributes
                0x000000a6       0x1c barebones/core_portme.o
 .riscv.attributes
                0x000000c2       0x1c barebones/ee_printf.o
 .riscv.attributes
                0x000000de       0x1a /opt/riscv32i/lib/gcc/riscv32-unknown-elf/14.2.0/libgcc.a(muldi3.o)
 .riscv.attributes
                0x000000f8       0x1a /opt/riscv32i/lib/gcc/riscv32-unknown-elf/14.2.0/libgcc.a(div.o)

.comment        0x00000000       0x1b
 .comment       0x00000000       0x1b core_list_join.o
                                 0x1c (size before relaxing)
 .comment       0x0000001b       0x1c core_main.o
 .comment       0x0000001b       0x1c core_matrix.o
 .comment       0x0000001b       0x1c core_state.o
 .comment       0x0000001b       0x1c core_util.o
 .comment       0x0000001b       0x1c barebones/core_portme.o
 .comment       0x0000001b       0x1c barebones/ee_printf.o

.note.GNU-stack
                0x00000000        0x0
 .note.GNU-stack
                0x00000000        0x0 core_list_join.o
 .note.GNU-stack
                0x00000000        0x0 core_main.o
 .note.GNU-stack
                0x00000000        0x0 core_matrix.o
 .note.GNU-stack
                0x00000000        0x0 core_state.o
 .note.GNU-stack
                0x00000000        0x0 core_util.o
 .note.GNU-stack
                0x00000000        0x0 barebones/core_portme.o
 .note.GNU-stack
                0x00000000        0x0 barebones/ee_printf.o

.debug_info     0x00000000     0x3d14
 .debug_info    0x00000000     0x1026 core_list_join.o
 .debug_info    0x00001026      0xc24 core_main.o
 .debug_info    0x00001c4a      0xb65 core_matrix.o
 .debug_info    0x000027af      0x460 core_state.o
 .debug_info    0x00002c0f      0x54e core_util.o
 .debug_info    0x0000315d      0x343 barebones/core_portme.o
 .debug_info    0x000034a0      0x7e4 barebones/ee_printf.o
 .debug_info    0x00003c84       0x31 /opt/riscv32i/lib/gcc/riscv32-unknown-elf/14.2.0/libgcc.a(muldi3.o)
 .debug_info    0x00003cb5       0x5f /opt/riscv32i/lib/gcc/riscv32-unknown-elf/14.2.0/libgcc.a(div.o)

.debug_abbrev   0x00000000     0x10af
 .debug_abbrev  0x00000000      0x317 core_list_join.o
 .debug_abbrev  0x00000317      0x248 core_main.o
 .debug_abbrev  0x0000055f      0x21b core_matrix.o
 .debug_abbrev  0x0000077a      0x227 core_state.o
 .debug_abbrev  0x000009a1      0x1bf core_util.o
 .debug_abbrev  0x00000b60      0x1ff barebones/core_portme.o
 .debug_abbrev  0x00000d5f      0x300 barebones/ee_printf.o
 .debug_abbrev  0x0000105f       0x28 /opt/riscv32i/lib/gcc/riscv32-unknown-elf/14.2.0/libgcc.a(muldi3.o)
 .debug_abbrev  0x00001087       0x28 /opt/riscv32i/lib/gcc/riscv32-unknown-elf/14.2.0/libgcc.a(div.o)

.debug_loclists
                0x00000000     0x5dd4
 .debug_loclists
                0x00000000     0x1743 core_list_join.o
 .debug_loclists
                0x00001743      0x458 core_main.o
 .debug_loclists
                0x00001b9b      0xbdc core_matrix.o
 .debug_loclists
                0x00002777      0x66e core_state.o
 .debug_loclists
                0x00002de5     0x13ec core_util.o
 .debug_loclists
                0x000041d1       0xb2 barebones/core_portme.o
 .debug_loclists
                0x00004283     0x1b51 barebones/ee_printf.o

.debug_aranges  0x00000000      0x128
 .debug_aranges
                0x00000000       0x20 core_list_join.o
 .debug_aranges
                0x00000020       0x28 core_main.o
 .debug_aranges
                0x00000048       0x20 core_matrix.o
 .debug_aranges
                0x00000068       0x20 core_state.o
 .debug_aranges
                0x00000088       0x20 core_util.o
 .debug_aranges
                0x000000a8       0x20 barebones/core_portme.o
 .debug_aranges
                0x000000c8       0x20 barebones/ee_printf.o
 .debug_aranges
                0x000000e8       0x20 /opt/riscv32i/lib/gcc/riscv32-unknown-elf/14.2.0/libgcc.a(muldi3.o)
 .debug_aranges
                0x00000108       0x20 /opt/riscv32i/lib/gcc/riscv32-unknown-elf/14.2.0/libgcc.a(div.o)

.debug_rnglists
                0x00000000      0x4ba
 .debug_rnglists
                0x00000000      0x19a core_list_join.o
 .debug_rnglists
                0x0000019a       0x68 core_main.o
 .debug_rnglists
                0x00000202       0xc6 core_matrix.o
 .debug_rnglists
                0x000002c8       0x66 core_state.o
 .debug_rnglists
                0x0000032e       0xe0 core_util.o
 .debug_rnglists
                0x0000040e       0xac barebones/ee_printf.o

.debug_line     0x00000000     0xbb99
 .debug_line    0x00000000     0x2613 core_list_join.o
 .debug_line    0x00002613     0x13bd core_main.o
 .debug_line    0x000039d0     0x15a9 core_matrix.o
 .debug_line    0x00004f79     0x155d core_state.o
 .debug_line    0x000064d6     0x19b9 core_util.o
 .debug_line    0x00007e8f      0x22b barebones/core_portme.o
 .debug_line    0x000080ba     0x3912 barebones/ee_printf.o
 .debug_line    0x0000b9cc       0x7a /opt/riscv32i/lib/gcc/riscv32-unknown-elf/14.2.0/libgcc.a(muldi3.o)
 .debug_line    0x0000ba46      0x153 /opt/riscv32i/lib/gcc/riscv32-unknown-elf/14.2.0/libgcc.a(div.o)

.debug_str      0x00000000      0x99f
 .debug_str     0x00000000      0x99f core_list_join.o
                                0x43c (size before relaxing)
 .debug_str     0x0000099f      0x3e7 core_main.o
 .debug_str     0x0000099f      0x23f core_matrix.o
 .debug_str     0x0000099f      0x2a0 core_state.o
 .debug_str     0x0000099f      0x1ed core_util.o
 .debug_str     0x0000099f      0x2a3 barebones/core_portme.o
 .debug_str     0x0000099f      0x275 barebones/ee_printf.o
 .debug_str     0x0000099f       0xb3 /opt/riscv32i/lib/gcc/riscv32-unknown-elf/14.2.0/libgcc.a(muldi3.o)
 .debug_str     0x0000099f       0xe0 /opt/riscv32i/lib/gcc/riscv32-unknown-elf/14.2.0/libgcc.a(div.o)

.debug_line_str
                0x00000000      0x1c2
 .debug_line_str
                0x00000000      0x1c2 core_list_join.o
                                 0xd2 (size before relaxing)
 .debug_line_str
                0x000001c2       0xc3 core_main.o
 .debug_line_str
                0x000001c2       0xc9 core_matrix.o
 .debug_line_str
                0x000001c2       0xc6 core_state.o
 .debug_line_str
                0x000001c2       0xb8 core_util.o
 .debug_line_str
                0x000001c2       0xd5 barebones/core_portme.o
 .debug_line_str
                0x000001c2      0x10d barebones/ee_printf.o
 .debug_line_str
                0x000001c2       0x9c /opt/riscv32i/lib/gcc/riscv32-unknown-elf/14.2.0/libgcc.a(muldi3.o)
 .debug_line_str
                0x000001c2       0x99 /opt/riscv32i/lib/gcc/riscv32-unknown-elf/14.2.0/libgcc.a(div.o)

.debug_frame    0x00000000      0x810
 .debug_frame   0x00000000      0x1c8 core_list_join.o
 .debug_frame   0x000001c8       0x94 core_main.o
 .debug_frame   0x0000025c      0x24c core_matrix.o
 .debug_frame   0x000004a8       0x9c core_state.o
 .debug_frame   0x00000544       0x80 core_util.o
 .debug_frame   0x000005c4       0x9c barebones/core_portme.o
 .debug_frame   0x00000660      0x1b0 barebones/ee_printf.o
