Archive member included to satisfy reference by file (symbol)

/opt/riscv32i/lib/gcc/riscv32-unknown-elf/14.2.0/libgcc.a(muldi3.o)
                              core_main.o (__mulsi3)
/opt/riscv32i/lib/gcc/riscv32-unknown-elf/14.2.0/libgcc.a(div.o)
                              barebones/ee_printf.o (__divsi3)

There are no discarded input sections

Memory Configuration

Name             Origin             Length             Attributes
IRAM             0x00000000         0x00008000         xr
DRAM             0x80000000         0x00004000         rw
*default*        0x00000000         0xffffffff

Linker script and memory map

LOAD /opt/riscv32i/lib/gcc/riscv32-unknown-elf/14.2.0/libgcc.a
LOAD startup.o
LOAD core_list_join.o
LOAD core_main.o
LOAD core_matrix.o
LOAD core_state.o
LOAD core_util.o
LOAD barebones/core_portme.o
LOAD barebones/ee_printf.o
LOAD /opt/riscv32i/lib/gcc/riscv32-unknown-elf/14.2.0/libgcc.a
START GROUP
LOAD /opt/riscv32i/lib/gcc/riscv32-unknown-elf/14.2.0/../../../../riscv32-unknown-elf/lib/libc.a
LOAD /opt/riscv32i/lib/gcc/riscv32-unknown-elf/14.2.0/../../../../riscv32-unknown-elf/lib/libgloss.a
END GROUP
LOAD /opt/riscv32i/lib/gcc/riscv32-unknown-elf/14.2.0/libgcc.a

.text           0x00000000     0x5518
 *startup.o(.text)
 .text          0x00000000       0xb8 startup.o
                0x00000000                _start
 *(.text)
 .text          0x000000b8      0xf90 core_list_join.o
                0x000000b8                calc_func
                0x000001d8                cmp_complex
                0x000003c4                cmp_idx
                0x00000420                copy_info
                0x00000434                core_bench_list
                0x00000a1c                core_list_init
                0x00000d6c                core_list_insert_new
                0x00000dcc                core_list_remove
                0x00000df4                core_list_undo_remove
                0x00000e14                core_list_find
                0x00000e68                core_list_reverse
                0x00000e8c                core_list_mergesort
 .text          0x00001048       0xc0 core_main.o
                0x00001048                iterate
 .text          0x00001108      0xc48 core_matrix.o
                0x00001108                matrix_test
                0x00001688                core_bench_matrix
                0x000016c4                core_init_matrix
                0x000018a4                matrix_sum
                0x00001938                matrix_mul_const
                0x00001a0c                matrix_add_const
                0x00001a58                matrix_mul_vect
                0x00001b24                matrix_mul_matrix
                0x00001c30                matrix_mul_matrix_bitextract
 .text          0x00001d50      0x800 core_state.o
                0x00001d50                core_init_state
                0x00002048                core_state_transition
                0x00002330                core_bench_state
 .text          0x00002550      0xadc core_util.o
                0x00002550                get_seed_32
                0x000025b4                crcu8
                0x000026dc                crcu16
                0x00002928                crcu32
                0x00002dd0                crc16
                0x00003024                check_data_types
 .text          0x0000302c       0x3c barebones/core_portme.o
                0x0000302c                portable_init
                0x00003060                portable_fini
 .text          0x00003068     0x1ccc barebones/ee_printf.o
                0x00003714                delay_me
                0x00003740                delay_cycles
                0x00003770                send_char
                0x0000377c                ee_printf
 .text          0x00004d34       0x24 /opt/riscv32i/lib/gcc/riscv32-unknown-elf/14.2.0/libgcc.a(muldi3.o)
                0x00004d34                __mulsi3
 .text          0x00004d58       0xb4 /opt/riscv32i/lib/gcc/riscv32-unknown-elf/14.2.0/libgcc.a(div.o)
                0x00004d58                __divsi3
                0x00004d60                __hidden___udivsi3
                0x00004d60                __udivsi3
                0x00004da8                __umodsi3
                0x00004ddc                __modsi3
 *(.text.*)
 .text.startup  0x00004e0c      0x70c core_main.o
                0x00004e0c                main

.rodata         0x80000000      0x64f
 *(.rodata)
 .rodata        0x80000000       0x40 core_state.o
 .rodata        0x80000040       0x18 core_util.o
 .rodata        0x80000058      0x204 barebones/ee_printf.o
 *(.rodata.*)
 .rodata.str1.4
                0x8000025c      0x3f3 core_main.o
                                0x2ba (size before relaxing)
 .rodata.str1.4
                0x8000064f       0xad core_state.o
 .rodata.str1.4
                0x8000064f       0x34 barebones/core_portme.o
 .rodata.str1.4
                0x8000064f       0x57 barebones/ee_printf.o
 *(.srodata)
 *(.srodata.*)

.rela.dyn       0x80000650        0x0
 .rela.text     0x80000650        0x0 startup.o

.data           0x80000650       0x24
 *(.data)
 .data          0x80000650        0x0 startup.o
 .data          0x80000650        0x0 core_list_join.o
 .data          0x80000650        0xc core_main.o
                0x80000650                mem_name
 .data          0x8000065c        0x0 core_matrix.o
 .data          0x8000065c        0x0 core_state.o
 .data          0x8000065c        0x0 core_util.o
 .data          0x8000065c        0x0 barebones/core_portme.o
 .data          0x8000065c        0x0 barebones/ee_printf.o
 .data          0x8000065c        0x0 /opt/riscv32i/lib/gcc/riscv32-unknown-elf/14.2.0/libgcc.a(muldi3.o)
 .data          0x8000065c        0x0 /opt/riscv32i/lib/gcc/riscv32-unknown-elf/14.2.0/libgcc.a(div.o)
 *(.data.*)
 *(.sdata)
 .sdata         0x8000065c       0x18 barebones/core_portme.o
                0x8000065c                default_num_contexts
                0x80000660                seed5_volatile
                0x80000664                seed4_volatile
                0x80000668                seed3_volatile
                0x8000066c                seed2_volatile
                0x80000670                seed1_volatile
 *(.sdata.*)

.bss            0x80000674        0x0
                0x80000674                        _sbss = .
 *(.bss)
 .bss           0x80000674        0x0 startup.o
 .bss           0x80000674        0x0 core_list_join.o
 .bss           0x80000674        0x0 core_main.o
 .bss           0x80000674        0x0 core_matrix.o
 .bss           0x80000674        0x0 core_state.o
 .bss           0x80000674        0x0 core_util.o
 .bss           0x80000674        0x0 barebones/core_portme.o
 .bss           0x80000674        0x0 barebones/ee_printf.o
 .bss           0x80000674        0x0 /opt/riscv32i/lib/gcc/riscv32-unknown-elf/14.2.0/libgcc.a(muldi3.o)
 .bss           0x80000674        0x0 /opt/riscv32i/lib/gcc/riscv32-unknown-elf/14.2.0/libgcc.a(div.o)
 *(.bss.*)
 *(.sbss)
 *(.sbss.*)
 *(COMMON)
                0x80000674                        _ebss = .
                0x80004000                        _stack_top = ((ORIGIN (DRAM) + LENGTH (DRAM)) & 0xfffffffffffffff0)
OUTPUT(coremark.elf elf32-littleriscv)

.riscv.attributes
                0x00000000       0x1c
 .riscv.attributes
                0x00000000       0x1a startup.o
 .riscv.attributes
                0x0000001a       0x1c core_list_join.o
 .riscv.attributes
                0x00000036       0x1c core_main.o
 .riscv.attributes
                0x00000052       0x1c core_matrix.o
 .riscv.attributes
                0x0000006e       0x1c core_state.o
 .riscv.attributes
                0x0000008a       0x1c core_util.o
 .riscv.attributes
                0x000000a6       0x1c barebones/core_portme.o
 .riscv.attributes
                0x000000c2       0x1c barebones/ee_printf.o
 .riscv.attributes
                0x000000de       0x1a /opt/riscv32i/lib/gcc/riscv32-unknown-elf/14.2.0/libgcc.a(muldi3.o)
 .riscv.attributes
                0x000000f8       0x1a /opt/riscv32i/lib/gcc/riscv32-unknown-elf/14.2.0/libgcc.a(div.o)

.comment        0x00000000       0x1b
 .comment       0x00000000       0x1b core_list_join.o
                                 0x1c (size before relaxing)
 .comment       0x0000001b       0x1c core_main.o
 .comment       0x0000001b       0x1c core_matrix.o
 .comment       0x0000001b       0x1c core_state.o
 .comment       0x0000001b       0x1c core_util.o
 .comment       0x0000001b       0x1c barebones/core_portme.o
 .comment       0x0000001b       0x1c barebones/ee_printf.o

.note.GNU-stack
                0x00000000        0x0
 .note.GNU-stack
                0x00000000        0x0 core_list_join.o
 .note.GNU-stack
                0x00000000        0x0 core_main.o
 .note.GNU-stack
                0x00000000        0x0 core_matrix.o
 .note.GNU-stack
                0x00000000        0x0 core_state.o
 .note.GNU-stack
                0x00000000        0x0 core_util.o
 .note.GNU-stack
                0x00000000        0x0 barebones/core_portme.o
 .note.GNU-stack
                0x00000000        0x0 barebones/ee_printf.o

.debug_info     0x00000000     0x38f5
 .debug_info    0x00000000     0x1026 core_list_join.o
 .debug_info    0x00001026      0x97d core_main.o
 .debug_info    0x000019a3      0xb65 core_matrix.o
 .debug_info    0x00002508      0x460 core_state.o
 .debug_info    0x00002968      0x54e core_util.o
 .debug_info    0x00002eb6      0x1cb barebones/core_portme.o
 .debug_info    0x00003081      0x7e4 barebones/ee_printf.o
 .debug_info    0x00003865       0x31 /opt/riscv32i/lib/gcc/riscv32-unknown-elf/14.2.0/libgcc.a(muldi3.o)
 .debug_info    0x00003896       0x5f /opt/riscv32i/lib/gcc/riscv32-unknown-elf/14.2.0/libgcc.a(div.o)

.debug_abbrev   0x00000000      0xf61
 .debug_abbrev  0x00000000      0x317 core_list_join.o
 .debug_abbrev  0x00000317      0x1c7 core_main.o
 .debug_abbrev  0x000004de      0x21b core_matrix.o
 .debug_abbrev  0x000006f9      0x227 core_state.o
 .debug_abbrev  0x00000920      0x1bf core_util.o
 .debug_abbrev  0x00000adf      0x132 barebones/core_portme.o
 .debug_abbrev  0x00000c11      0x300 barebones/ee_printf.o
 .debug_abbrev  0x00000f11       0x28 /opt/riscv32i/lib/gcc/riscv32-unknown-elf/14.2.0/libgcc.a(muldi3.o)
 .debug_abbrev  0x00000f39       0x28 /opt/riscv32i/lib/gcc/riscv32-unknown-elf/14.2.0/libgcc.a(div.o)

.debug_loclists
                0x00000000     0x5c5b
 .debug_loclists
                0x00000000     0x1743 core_list_join.o
 .debug_loclists
                0x00001743      0x344 core_main.o
 .debug_loclists
                0x00001a87      0xbdc core_matrix.o
 .debug_loclists
                0x00002663      0x66e core_state.o
 .debug_loclists
                0x00002cd1     0x13ec core_util.o
 .debug_loclists
                0x000040bd       0x4d barebones/core_portme.o
 .debug_loclists
                0x0000410a     0x1b51 barebones/ee_printf.o

.debug_aranges  0x00000000      0x128
 .debug_aranges
                0x00000000       0x20 core_list_join.o
 .debug_aranges
                0x00000020       0x28 core_main.o
 .debug_aranges
                0x00000048       0x20 core_matrix.o
 .debug_aranges
                0x00000068       0x20 core_state.o
 .debug_aranges
                0x00000088       0x20 core_util.o
 .debug_aranges
                0x000000a8       0x20 barebones/core_portme.o
 .debug_aranges
                0x000000c8       0x20 barebones/ee_printf.o
 .debug_aranges
                0x000000e8       0x20 /opt/riscv32i/lib/gcc/riscv32-unknown-elf/14.2.0/libgcc.a(muldi3.o)
 .debug_aranges
                0x00000108       0x20 /opt/riscv32i/lib/gcc/riscv32-unknown-elf/14.2.0/libgcc.a(div.o)

.debug_rnglists
                0x00000000      0x4ad
 .debug_rnglists
                0x00000000      0x19a core_list_join.o
 .debug_rnglists
                0x0000019a       0x5b core_main.o
 .debug_rnglists
                0x000001f5       0xc6 core_matrix.o
 .debug_rnglists
                0x000002bb       0x66 core_state.o
 .debug_rnglists
                0x00000321       0xe0 core_util.o
 .debug_rnglists
                0x00000401       0xac barebones/ee_printf.o

.debug_line     0x00000000     0xb66e
 .debug_line    0x00000000     0x2613 core_list_join.o
 .debug_line    0x00002613      0xfe3 core_main.o
 .debug_line    0x000035f6     0x15a9 core_matrix.o
 .debug_line    0x00004b9f     0x155d core_state.o
 .debug_line    0x000060fc     0x19b9 core_util.o
 .debug_line    0x00007ab5       0xda barebones/core_portme.o
 .debug_line    0x00007b8f     0x3912 barebones/ee_printf.o
 .debug_line    0x0000b4a1       0x7a /opt/riscv32i/lib/gcc/riscv32-unknown-elf/14.2.0/libgcc.a(muldi3.o)
 .debug_line    0x0000b51b      0x153 /opt/riscv32i/lib/gcc/riscv32-unknown-elf/14.2.0/libgcc.a(div.o)

.debug_str      0x00000000      0x8e2
 .debug_str     0x00000000      0x8e2 core_list_join.o
                                0x43c (size before relaxing)
 .debug_str     0x000008e2      0x389 core_main.o
 .debug_str     0x000008e2      0x23f core_matrix.o
 .debug_str     0x000008e2      0x2a0 core_state.o
 .debug_str     0x000008e2      0x1ed core_util.o
 .debug_str     0x000008e2      0x1f4 barebones/core_portme.o
 .debug_str     0x000008e2      0x275 barebones/ee_printf.o
 .debug_str     0x000008e2       0xb3 /opt/riscv32i/lib/gcc/riscv32-unknown-elf/14.2.0/libgcc.a(muldi3.o)
 .debug_str     0x000008e2       0xe0 /opt/riscv32i/lib/gcc/riscv32-unknown-elf/14.2.0/libgcc.a(div.o)

.debug_line_str
                0x00000000      0x1d6
 .debug_line_str
                0x00000000      0x1d6 core_list_join.o
                                 0xfe (size before relaxing)
 .debug_line_str
                0x000001d6       0xef core_main.o
 .debug_line_str
                0x000001d6       0xf5 core_matrix.o
 .debug_line_str
                0x000001d6       0xf2 core_state.o
 .debug_line_str
                0x000001d6       0xe4 core_util.o
 .debug_line_str
                0x000001d6       0xf4 barebones/core_portme.o
 .debug_line_str
                0x000001d6      0x139 barebones/ee_printf.o
 .debug_line_str
                0x000001d6       0x9c /opt/riscv32i/lib/gcc/riscv32-unknown-elf/14.2.0/libgcc.a(muldi3.o)
 .debug_line_str
                0x000001d6       0x99 /opt/riscv32i/lib/gcc/riscv32-unknown-elf/14.2.0/libgcc.a(div.o)

.debug_frame    0x00000000      0x7b4
 .debug_frame   0x00000000      0x1c8 core_list_join.o
 .debug_frame   0x000001c8       0x94 core_main.o
 .debug_frame   0x0000025c      0x24c core_matrix.o
 .debug_frame   0x000004a8       0x9c core_state.o
 .debug_frame   0x00000544       0x80 core_util.o
 .debug_frame   0x000005c4       0x40 barebones/core_portme.o
 .debug_frame   0x00000604      0x1b0 barebones/ee_printf.o
